// Jest Snapshot v1, https://goo.gl/fbAQLP

exports[`<Product /> renders and matches the snapshot 1`] = `
<Link
  href={
    Object {
      "pathname": "/product",
      "query": Object {
        "id": "1",
      },
    }
  }
>
  <styles__NewProductStyles>
    <div
      className="box-up"
    >
      <img
        alt="Test T-Shirt"
        className="img"
        src="https://tshirtshop-apollo-prod.herokuapp.com/images/product.jpg"
      />
      <div
        className="heading"
      >
        Test T-Shirt
      </div>
      <div
        className="aSizes"
      >
        Available Sizes: S, M, L, XL, XXL
      </div>
    </div>
    <div
      className="box-down"
    >
      <div
        className="h-bg"
      >
        <div
          className="h-bg-inner"
        />
      </div>
      <div
        className="priceBox"
      >
        <div
          className="oldPriceTag"
        >
          <s>
            $50.00
          </s>
        </div>
        <div
          className="priceTag"
        >
          $40.00
        </div>
        <p
          className="viewDetails"
        >
          View Details
        </p>
      </div>
    </div>
  </styles__NewProductStyles>
</Link>
`;
